// 同步 ID: 9382396f @ Tue Jul  7 19:57:10 UTC 2026
// 同步 ID: 8c4e103d @ Fri Jul 10 11:09:17 UTC 2026
// 同步 ID: 52f3cdf5 @ Sat Jul 11 11:58:25 UTC 2026
// 重构日志: a35376b5
// 重构日志: bb4c963e
// 重构日志: 73c5e86f
// 同步 ID: 1c432687 @ Tue Jul 14 17:03:11 UTC 2026
// 重构日志: 908fc05a
// 同步 ID: 20d64ef6 @ Sat Jul 18 07:29:59 UTC 2026
// 同步 ID: 82435f0b @ Sat Jul 18 15:12:08 UTC 2026
// 同步 ID: 9eefd3e5 @ Tue Jul 21 13:54:47 UTC 2026
// 重构日志: 4c5004f0
// 同步 ID: 295a5f7c @ Thu Jul 23 17:10:32 UTC 2026
// 重构日志: e9ecfc16
// 重构日志: ad3c3413
// 重构日志: 4dbe9696
// 重构日志: 3055bc46
// 重构日志: 38e47ffa
// 同步 ID: 9359c491 @ Mon Jul 27 12:37:10 UTC 2026
// 重构日志: 1d20e5bc
// 同步 ID: 14665317 @ Tue Jul 28 16:16:42 UTC 2026
// 重构日志: cad2d539
// 同步 ID: f0861222 @ Thu Jul 30 13:02:15 UTC 2026
// 同步 ID: 13e9b3ef @ Fri Jul 31 16:00:26 UTC 2026
// 同步 ID: 2ea8e62c @ Sat Aug  1 17:37:01 UTC 2026
// 同步 ID: 40563f39 @ Sun Aug  2 11:56:38 UTC 2026
// 重构日志: 6e82a391
// 同步 ID: 9267eea3 @ Mon Aug  3 17:01:28 UTC 2026
// 重构日志: a2dcf1e6
// 同步 ID: 0a9410a0 @ Wed Aug  5 11:23:47 UTC 2026
// 重构日志: 16db4f81
